2026-09-27 12:47:38 | INFO     | test_login_unittest | ---- Starting test: test_login_data_driven_from_csv ----
2026-09-27 12:47:42 | INFO     | LoginPage | Navigating to URL: https://automationexercise.com/login
2026-09-27 12:47:49 | INFO     | LoginPage | Navigating to URL: https://automationexercise.com/login
2026-09-27 12:55:25 | INFO     | test_login_unittest | ---- Starting test: test_login_data_driven_from_csv ----
2026-09-27 12:55:29 | INFO     | LoginPage | Navigating to URL: https://automationexercise.com/login
2026-09-27 12:55:35 | INFO     | LoginPage | Navigating to URL: https://automationexercise.com/login
2026-09-27 12:56:00 | INFO     | LoginPage | Navigating to URL: https://automationexercise.com/login
2026-09-27 12:56:04 | INFO     | test_login_unittest | ---- Starting test: test_login_page_loads_successfully ----
2026-09-27 12:56:10 | INFO     | LoginPage | Navigating to URL: https://automationexercise.com/login
2026-09-27 12:56:14 | INFO     | test_login_unittest | ---- Starting test: test_login_with_invalid_credentials_shows_error ----
2026-09-27 12:56:18 | INFO     | LoginPage | Navigating to URL: https://automationexercise.com/login
2026-09-27 12:56:24 | INFO     | conftest | Initializing WebDriver
2026-09-27 12:56:35 | INFO     | HomePage | Navigating to URL: https://automationexercise.com
2026-09-27 12:56:40 | INFO     | conftest | Quitting WebDriver
2026-09-27 12:56:46 | INFO     | conftest | Initializing WebDriver
2026-09-27 12:56:49 | INFO     | HomePage | Navigating to URL: https://automationexercise.com
2026-09-27 12:56:54 | ERROR    | conftest | Test 'test_navigate_to_products_page' failed. Screenshot saved: C:\Users\heyas\Downloads\selenium_project\selenium_framework\reports/screenshots\test_navigate_to_products_page_20260927_125654.png
2026-09-27 12:56:54 | INFO     | conftest | Quitting WebDriver
2026-09-27 12:56:57 | INFO     | conftest | Initializing WebDriver
2026-09-27 12:57:00 | INFO     | ProductSearchPage | Navigating to URL: https://automationexercise.com/products
2026-09-27 12:57:06 | INFO     | conftest | Quitting WebDriver
2026-09-27 12:57:13 | INFO     | conftest | Initializing WebDriver
2026-09-27 12:57:16 | INFO     | ProductSearchPage | Navigating to URL: https://automationexercise.com/products
2026-09-27 12:57:22 | INFO     | conftest | Quitting WebDriver
2026-09-27 12:57:29 | INFO     | conftest | Initializing WebDriver
2026-09-27 12:57:32 | INFO     | ProductSearchPage | Navigating to URL: https://automationexercise.com/products
2026-09-27 12:57:38 | INFO     | conftest | Quitting WebDriver
2026-09-27 12:57:45 | INFO     | conftest | Initializing WebDriver
2026-09-27 12:57:48 | INFO     | ProductSearchPage | Navigating to URL: https://automationexercise.com/products
2026-09-27 12:58:15 | INFO     | conftest | Quitting WebDriver
2026-09-27 12:58:22 | INFO     | conftest | Initializing WebDriver
2026-09-27 12:58:25 | INFO     | ProductSearchPage | Navigating to URL: https://automationexercise.com/products
2026-09-27 12:58:31 | INFO     | conftest | Quitting WebDriver
2026-09-27 13:09:07 | INFO     | test_login_unittest | ---- Starting test: test_login_data_driven_from_csv ----
2026-09-27 13:09:10 | INFO     | LoginPage | Navigating to URL: https://automationexercise.com/login
2026-09-27 13:09:17 | INFO     | LoginPage | Navigating to URL: https://automationexercise.com/login
2026-09-27 13:09:21 | INFO     | LoginPage | Navigating to URL: https://automationexercise.com/login
2026-09-27 13:09:25 | INFO     | test_login_unittest | ---- Finished test: test_login_data_driven_from_csv ----
2026-09-27 13:09:32 | INFO     | test_login_unittest | ---- Starting test: test_login_page_loads_successfully ----
2026-09-27 13:09:35 | INFO     | LoginPage | Navigating to URL: https://automationexercise.com/login
2026-09-27 13:09:39 | INFO     | test_login_unittest | ---- Finished test: test_login_page_loads_successfully ----
2026-09-27 13:09:45 | INFO     | test_login_unittest | ---- Starting test: test_login_with_invalid_credentials_shows_error ----
2026-09-27 13:09:48 | INFO     | LoginPage | Navigating to URL: https://automationexercise.com/login
2026-09-27 13:09:56 | INFO     | test_login_unittest | ---- Finished test: test_login_with_invalid_credentials_shows_error ----
2026-09-27 13:10:02 | INFO     | conftest | Initializing WebDriver
2026-09-27 13:10:05 | INFO     | HomePage | Navigating to URL: https://automationexercise.com
2026-09-27 13:10:09 | INFO     | conftest | Quitting WebDriver
2026-09-27 13:10:16 | INFO     | conftest | Initializing WebDriver
2026-09-27 13:10:18 | INFO     | HomePage | Navigating to URL: https://automationexercise.com
2026-09-27 13:10:31 | WARNING  | HomePage | Navigation to /products was intercepted (url=https://automationexercise.com/#google_vignette); retry 1/2
2026-09-27 13:10:31 | INFO     | HomePage | Navigating to URL: https://automationexercise.com
2026-09-27 13:10:43 | INFO     | conftest | Quitting WebDriver
2026-09-27 13:10:50 | INFO     | conftest | Initializing WebDriver
2026-09-27 13:10:53 | INFO     | ProductSearchPage | Navigating to URL: https://automationexercise.com/products
2026-09-27 13:11:00 | INFO     | conftest | Quitting WebDriver
2026-09-27 13:11:07 | INFO     | conftest | Initializing WebDriver
2026-09-27 13:11:10 | INFO     | ProductSearchPage | Navigating to URL: https://automationexercise.com/products
2026-09-27 13:11:17 | INFO     | conftest | Quitting WebDriver
2026-09-27 13:11:24 | INFO     | conftest | Initializing WebDriver
2026-09-27 13:11:27 | INFO     | ProductSearchPage | Navigating to URL: https://automationexercise.com/products
2026-09-27 13:11:33 | INFO     | conftest | Quitting WebDriver
2026-09-27 13:11:40 | INFO     | conftest | Initializing WebDriver
2026-09-27 13:11:43 | INFO     | ProductSearchPage | Navigating to URL: https://automationexercise.com/products
2026-09-27 13:12:11 | INFO     | conftest | Quitting WebDriver
2026-09-27 13:12:18 | INFO     | conftest | Initializing WebDriver
2026-09-27 13:12:20 | INFO     | ProductSearchPage | Navigating to URL: https://automationexercise.com/products
2026-09-27 13:12:27 | INFO     | conftest | Quitting WebDriver
2026-09-27 13:32:20 | INFO     | test_login_unittest | ---- Starting test: test_login_data_driven_from_csv ----
2026-09-27 13:32:24 | INFO     | test_login_unittest | ---- Finished test: test_login_data_driven_from_csv ----
2026-09-27 13:32:27 | INFO     | test_login_unittest | ---- Starting test: test_login_page_loads_successfully ----
2026-09-27 13:32:30 | INFO     | LoginPage | Navigating to URL: https://automationexercise.com/login
2026-09-27 13:32:37 | INFO     | test_login_unittest | ---- Finished test: test_login_page_loads_successfully ----
2026-09-27 13:32:44 | INFO     | test_login_unittest | ---- Starting test: test_login_with_invalid_credentials_shows_error ----
2026-09-27 13:32:52 | INFO     | LoginPage | Navigating to URL: https://automationexercise.com/login
2026-09-27 13:32:59 | INFO     | test_login_unittest | ---- Finished test: test_login_with_invalid_credentials_shows_error ----
2026-09-27 13:33:06 | INFO     | conftest | Initializing WebDriver
2026-09-27 13:33:10 | INFO     | HomePage | Navigating to URL: https://automationexercise.com
2026-09-27 13:33:15 | INFO     | conftest | Quitting WebDriver
2026-09-27 13:33:21 | INFO     | conftest | Initializing WebDriver
2026-09-27 13:33:24 | INFO     | HomePage | Navigating to URL: https://automationexercise.com
2026-09-27 13:33:32 | WARNING  | HomePage | Navigation to /products was intercepted (url=https://automationexercise.com/#google_vignette); retry 1/2
2026-09-27 13:33:32 | INFO     | HomePage | Navigating to URL: https://automationexercise.com
2026-09-27 13:33:40 | INFO     | conftest | Quitting WebDriver
2026-09-27 13:33:47 | INFO     | conftest | Initializing WebDriver
2026-09-27 13:33:50 | INFO     | ProductSearchPage | Navigating to URL: https://automationexercise.com/products
2026-09-27 13:33:57 | INFO     | conftest | Quitting WebDriver
2026-09-27 13:34:04 | INFO     | conftest | Initializing WebDriver
2026-09-27 13:34:07 | INFO     | ProductSearchPage | Navigating to URL: https://automationexercise.com/products
2026-09-27 13:34:15 | INFO     | conftest | Quitting WebDriver
2026-09-27 13:34:21 | INFO     | conftest | Initializing WebDriver
2026-09-27 13:34:25 | INFO     | ProductSearchPage | Navigating to URL: https://automationexercise.com/products
2026-09-27 13:34:33 | INFO     | conftest | Quitting WebDriver
2026-09-27 13:34:40 | INFO     | conftest | Initializing WebDriver
2026-09-27 13:34:43 | INFO     | ProductSearchPage | Navigating to URL: https://automationexercise.com/products
2026-09-27 13:35:13 | INFO     | conftest | Quitting WebDriver
2026-09-27 13:35:20 | INFO     | conftest | Initializing WebDriver
2026-09-27 13:35:23 | INFO     | ProductSearchPage | Navigating to URL: https://automationexercise.com/products
2026-09-27 13:35:31 | INFO     | conftest | Quitting WebDriver
2026-09-27 13:38:52 | INFO     | test_login_unittest | ---- Starting test: test_login_data_driven_from_csv ----
2026-09-27 13:38:55 | INFO     | LoginPage | Navigating to URL: https://automationexercise.com/login
2026-09-27 13:39:01 | INFO     | LoginPage | Navigating to URL: https://automationexercise.com/login
2026-09-27 13:39:05 | INFO     | LoginPage | Navigating to URL: https://automationexercise.com/login
2026-09-27 13:39:30 | INFO     | test_login_unittest | ---- Finished test: test_login_data_driven_from_csv ----
2026-09-27 13:39:37 | INFO     | test_login_unittest | ---- Starting test: test_login_page_loads_successfully ----
2026-09-27 13:39:40 | INFO     | LoginPage | Navigating to URL: https://automationexercise.com/login
2026-09-27 13:39:44 | INFO     | test_login_unittest | ---- Finished test: test_login_page_loads_successfully ----
2026-09-27 13:39:50 | INFO     | test_login_unittest | ---- Starting test: test_login_with_invalid_credentials_shows_error ----
2026-09-27 13:39:53 | INFO     | LoginPage | Navigating to URL: https://automationexercise.com/login
2026-09-27 13:40:00 | INFO     | test_login_unittest | ---- Finished test: test_login_with_invalid_credentials_shows_error ----
2026-09-27 13:40:07 | INFO     | conftest | Initializing WebDriver
2026-09-27 13:40:10 | INFO     | HomePage | Navigating to URL: https://automationexercise.com
2026-09-27 13:40:19 | INFO     | conftest | Quitting WebDriver
2026-09-27 13:40:25 | INFO     | conftest | Initializing WebDriver
2026-09-27 13:40:28 | INFO     | HomePage | Navigating to URL: https://automationexercise.com
2026-09-27 13:40:34 | WARNING  | HomePage | Navigation to /products was intercepted (url=https://automationexercise.com/#google_vignette); retry 1/2
2026-09-27 13:40:34 | INFO     | HomePage | Navigating to URL: https://automationexercise.com
2026-09-27 13:40:40 | INFO     | conftest | Quitting WebDriver
2026-09-27 13:40:46 | INFO     | conftest | Initializing WebDriver
2026-09-27 13:40:50 | INFO     | ProductSearchPage | Navigating to URL: https://automationexercise.com/products
2026-09-27 13:40:59 | INFO     | conftest | Quitting WebDriver
2026-09-27 13:41:05 | INFO     | conftest | Initializing WebDriver
2026-09-27 13:41:08 | INFO     | ProductSearchPage | Navigating to URL: https://automationexercise.com/products
2026-09-27 13:41:17 | INFO     | conftest | Quitting WebDriver
2026-09-27 13:41:24 | INFO     | conftest | Initializing WebDriver
2026-09-27 13:41:27 | INFO     | ProductSearchPage | Navigating to URL: https://automationexercise.com/products
2026-09-27 13:41:35 | INFO     | conftest | Quitting WebDriver
2026-09-27 13:41:41 | INFO     | conftest | Initializing WebDriver
2026-09-27 13:41:44 | INFO     | ProductSearchPage | Navigating to URL: https://automationexercise.com/products
2026-09-27 13:42:14 | INFO     | conftest | Quitting WebDriver
2026-09-27 13:42:21 | INFO     | conftest | Initializing WebDriver
2026-09-27 13:42:24 | INFO     | ProductSearchPage | Navigating to URL: https://automationexercise.com/products
2026-09-27 13:42:33 | INFO     | conftest | Quitting WebDriver
2026-09-27 15:43:48 | INFO     | test_login_unittest | ---- Starting test: test_login_data_driven_from_csv ----
2026-09-27 15:43:53 | INFO     | LoginPage | Navigating to URL: https://automationexercise.com/login
2026-09-27 15:44:00 | INFO     | LoginPage | Navigating to URL: https://automationexercise.com/login
2026-09-27 15:44:06 | INFO     | LoginPage | Navigating to URL: https://automationexercise.com/login
2026-09-27 15:44:11 | INFO     | test_login_unittest | ---- Finished test: test_login_data_driven_from_csv ----
2026-09-27 15:44:17 | INFO     | test_login_unittest | ---- Starting test: test_login_page_loads_successfully ----
2026-09-27 15:44:21 | INFO     | LoginPage | Navigating to URL: https://automationexercise.com/login
2026-09-27 15:44:25 | INFO     | test_login_unittest | ---- Finished test: test_login_page_loads_successfully ----
2026-09-27 15:44:32 | INFO     | test_login_unittest | ---- Starting test: test_login_with_invalid_credentials_shows_error ----
2026-09-27 15:44:36 | INFO     | LoginPage | Navigating to URL: https://automationexercise.com/login
2026-09-27 15:44:45 | INFO     | test_login_unittest | ---- Finished test: test_login_with_invalid_credentials_shows_error ----
2026-09-27 15:44:53 | INFO     | conftest | Initializing WebDriver
2026-09-27 15:44:56 | INFO     | HomePage | Navigating to URL: https://automationexercise.com
2026-09-27 15:45:01 | INFO     | conftest | Quitting WebDriver
2026-09-27 15:45:08 | INFO     | conftest | Initializing WebDriver
2026-09-27 15:45:11 | INFO     | HomePage | Navigating to URL: https://automationexercise.com
2026-09-27 15:45:17 | WARNING  | HomePage | Navigation to /products was intercepted (url=https://automationexercise.com/#google_vignette); retry 1/2
2026-09-27 15:45:17 | INFO     | HomePage | Navigating to URL: https://automationexercise.com
2026-09-27 15:45:25 | INFO     | conftest | Quitting WebDriver
2026-09-27 15:45:31 | INFO     | conftest | Initializing WebDriver
2026-09-27 15:45:35 | INFO     | ProductSearchPage | Navigating to URL: https://automationexercise.com/products
2026-09-27 15:45:42 | INFO     | conftest | Quitting WebDriver
2026-09-27 15:45:49 | INFO     | conftest | Initializing WebDriver
2026-09-27 15:45:53 | INFO     | ProductSearchPage | Navigating to URL: https://automationexercise.com/products
2026-09-27 15:46:02 | INFO     | conftest | Quitting WebDriver
2026-09-27 15:46:08 | INFO     | conftest | Initializing WebDriver
2026-09-27 15:46:12 | INFO     | ProductSearchPage | Navigating to URL: https://automationexercise.com/products
2026-09-27 15:46:19 | INFO     | conftest | Quitting WebDriver
2026-09-27 15:46:26 | INFO     | conftest | Initializing WebDriver
2026-09-27 15:46:29 | INFO     | ProductSearchPage | Navigating to URL: https://automationexercise.com/products
2026-09-27 15:46:58 | INFO     | conftest | Quitting WebDriver
2026-09-27 15:47:05 | INFO     | conftest | Initializing WebDriver
2026-09-27 15:47:08 | INFO     | ProductSearchPage | Navigating to URL: https://automationexercise.com/products
2026-09-27 15:47:16 | INFO     | conftest | Quitting WebDriver
2026-09-27 15:51:29 | INFO     | test_login_unittest | ---- Starting test: test_login_data_driven_from_csv ----
2026-09-27 15:51:33 | INFO     | LoginPage | Navigating to URL: https://automationexercise.com/login
2026-09-27 15:51:41 | INFO     | LoginPage | Navigating to URL: https://automationexercise.com/login
2026-09-27 15:51:45 | INFO     | LoginPage | Navigating to URL: https://automationexercise.com/login
2026-09-27 15:51:50 | INFO     | test_login_unittest | ---- Finished test: test_login_data_driven_from_csv ----
2026-09-27 15:51:57 | INFO     | test_login_unittest | ---- Starting test: test_login_page_loads_successfully ----
2026-09-27 15:52:00 | INFO     | LoginPage | Navigating to URL: https://automationexercise.com/login
2026-09-27 15:52:05 | INFO     | test_login_unittest | ---- Finished test: test_login_page_loads_successfully ----
2026-09-27 15:52:12 | INFO     | test_login_unittest | ---- Starting test: test_login_with_invalid_credentials_shows_error ----
2026-09-27 15:52:14 | INFO     | LoginPage | Navigating to URL: https://automationexercise.com/login
2026-09-27 15:52:23 | INFO     | test_login_unittest | ---- Finished test: test_login_with_invalid_credentials_shows_error ----
2026-09-27 15:52:30 | INFO     | conftest | Initializing WebDriver
2026-09-27 15:52:33 | INFO     | HomePage | Navigating to URL: https://automationexercise.com
2026-09-27 15:52:38 | INFO     | conftest | Quitting WebDriver
2026-09-27 15:52:44 | INFO     | conftest | Initializing WebDriver
2026-09-27 15:52:47 | INFO     | HomePage | Navigating to URL: https://automationexercise.com
2026-09-27 15:52:53 | WARNING  | HomePage | Navigation to /products was intercepted (url=https://automationexercise.com/#google_vignette); retry 1/2
2026-09-27 15:52:53 | INFO     | HomePage | Navigating to URL: https://automationexercise.com
2026-09-27 15:52:59 | INFO     | conftest | Quitting WebDriver
2026-09-27 15:53:06 | INFO     | conftest | Initializing WebDriver
2026-09-27 15:53:09 | INFO     | ProductSearchPage | Navigating to URL: https://automationexercise.com/products
2026-09-27 15:53:17 | INFO     | conftest | Quitting WebDriver
2026-09-27 15:53:23 | INFO     | conftest | Initializing WebDriver
2026-09-27 15:53:26 | INFO     | ProductSearchPage | Navigating to URL: https://automationexercise.com/products
2026-09-27 15:53:33 | INFO     | conftest | Quitting WebDriver
2026-09-27 15:53:40 | INFO     | conftest | Initializing WebDriver
2026-09-27 15:53:43 | INFO     | ProductSearchPage | Navigating to URL: https://automationexercise.com/products
2026-09-27 15:53:50 | INFO     | conftest | Quitting WebDriver
2026-09-27 15:53:56 | INFO     | conftest | Initializing WebDriver
2026-09-27 15:53:59 | INFO     | ProductSearchPage | Navigating to URL: https://automationexercise.com/products
2026-09-27 15:54:28 | INFO     | conftest | Quitting WebDriver
2026-09-27 15:54:34 | INFO     | conftest | Initializing WebDriver
2026-09-27 15:54:37 | INFO     | ProductSearchPage | Navigating to URL: https://automationexercise.com/products
2026-09-27 15:54:45 | INFO     | conftest | Quitting WebDriver
2026-09-27 16:30:28 | INFO     | test_login_unittest | ---- Starting test: test_login_data_driven_from_csv ----
2026-09-27 16:30:32 | INFO     | LoginPage | Navigating to URL: https://automationexercise.com/login
2026-09-27 16:30:41 | INFO     | LoginPage | Navigating to URL: https://automationexercise.com/login
2026-09-27 16:31:10 | INFO     | LoginPage | Navigating to URL: https://automationexercise.com/login
2026-09-27 16:31:14 | INFO     | test_login_unittest | ---- Finished test: test_login_data_driven_from_csv ----
2026-09-27 16:31:21 | INFO     | test_login_unittest | ---- Starting test: test_login_page_loads_successfully ----
2026-09-27 16:31:25 | INFO     | LoginPage | Navigating to URL: https://automationexercise.com/login
2026-09-27 16:31:30 | INFO     | test_login_unittest | ---- Finished test: test_login_page_loads_successfully ----
2026-09-27 16:31:36 | INFO     | test_login_unittest | ---- Starting test: test_login_with_invalid_credentials_shows_error ----
2026-09-27 16:31:40 | INFO     | LoginPage | Navigating to URL: https://automationexercise.com/login
2026-09-27 16:31:47 | INFO     | test_login_unittest | ---- Finished test: test_login_with_invalid_credentials_shows_error ----
2026-09-27 16:31:54 | INFO     | conftest | Initializing WebDriver
2026-09-27 16:31:57 | INFO     | HomePage | Navigating to URL: https://automationexercise.com
2026-09-27 16:32:02 | INFO     | conftest | Quitting WebDriver
2026-09-27 16:32:09 | INFO     | conftest | Initializing WebDriver
2026-09-27 16:32:12 | INFO     | HomePage | Navigating to URL: https://automationexercise.com
2026-09-27 16:32:18 | WARNING  | HomePage | Navigation to /products was intercepted (url=https://automationexercise.com/#google_vignette); retry 1/2
2026-09-27 16:32:18 | INFO     | HomePage | Navigating to URL: https://automationexercise.com
2026-09-27 16:32:27 | INFO     | conftest | Quitting WebDriver
2026-09-27 16:32:34 | INFO     | conftest | Initializing WebDriver
2026-09-27 16:32:38 | INFO     | ProductSearchPage | Navigating to URL: https://automationexercise.com/products
2026-09-27 16:32:47 | INFO     | conftest | Quitting WebDriver
2026-09-27 16:32:53 | INFO     | conftest | Initializing WebDriver
2026-09-27 16:32:57 | INFO     | ProductSearchPage | Navigating to URL: https://automationexercise.com/products
2026-09-27 16:33:04 | INFO     | conftest | Quitting WebDriver
2026-09-27 16:33:12 | INFO     | conftest | Initializing WebDriver
2026-09-27 16:33:16 | INFO     | ProductSearchPage | Navigating to URL: https://automationexercise.com/products
2026-09-27 16:33:24 | INFO     | conftest | Quitting WebDriver
2026-09-27 16:33:31 | INFO     | conftest | Initializing WebDriver
2026-09-27 16:33:34 | INFO     | ProductSearchPage | Navigating to URL: https://automationexercise.com/products
2026-09-27 16:34:03 | INFO     | conftest | Quitting WebDriver
2026-09-27 16:34:10 | INFO     | conftest | Initializing WebDriver
2026-09-27 16:34:13 | INFO     | ProductSearchPage | Navigating to URL: https://automationexercise.com/products
2026-09-27 16:34:21 | INFO     | conftest | Quitting WebDriver
